Python 3.11.9 (tags/v3.11.9:de54cf5, Apr  2 2024, 10:12:12) [MSC v.1938 64 bit (AMD64)] on win32
Type "help", "copyright", "credits" or "license" for more information.
>>> exit()

D:\Lecture>python -m pip install --upgrade setuptools pip
Requirement already satisfied: setuptools in c:\users\akash\appdata\local\programs\python\python311\lib\site-packages (74.1.2)
Collecting setuptools
  Downloading setuptools-75.1.0-py3-none-any.whl.metadata (6.9 kB)
Requirement already satisfied: pip in c:\users\akash\appdata\local\programs\python\python311\lib\site-packages (24.2)
Downloading setuptools-75.1.0-py3-none-any.whl (1.2 MB)
   ━━━━━━━━━━━━━━━━━━━━━━━━━━━━━━━━━━━━━━━━ 1.2/1.2 MB 2.0 MB/s eta 0:00:00
Installing collected packages: setuptools
  Attempting uninstall: setuptools
    Found existing installation: setuptools 74.1.2
    Uninstalling setuptools-74.1.2:
      Successfully uninstalled setuptools-74.1.2
Successfully installed setuptools-75.1.0

D:\Lecture>dir
 Volume in drive D is Apps
 Volume Serial Number is 16C2-CBAC

 Directory of D:\Lecture

20-09-2024  09:28 PM    <DIR>          .
19-09-2024  10:07 PM               501 first_program.py
20-09-2024  09:27 PM    <DIR>          NewDjangoProject
               1 File(s)            501 bytes
               2 Dir(s)  289,753,227,264 bytes free

D:\Lecture>cd NewDjangoProject

D:\Lecture\NewDjangoProject>python -m venv env

D:\Lecture\NewDjangoProject>env\Scripts\activate

(env) D:\Lecture\NewDjangoProject>python -m pip install --upgrade setuptools pip
Requirement already satisfied: setuptools in d:\lecture\newdjangoproject\env\lib\site-packages (65.5.0)
Collecting setuptools
  Using cached setuptools-75.1.0-py3-none-any.whl.metadata (6.9 kB)
Requirement already satisfied: pip in d:\lecture\newdjangoproject\env\lib\site-packages (24.0)
Collecting pip
  Using cached pip-24.2-py3-none-any.whl.metadata (3.6 kB)
Using cached setuptools-75.1.0-py3-none-any.whl (1.2 MB)
Using cached pip-24.2-py3-none-any.whl (1.8 MB)
Installing collected packages: setuptools, pip
  Attempting uninstall: setuptools
    Found existing installation: setuptools 65.5.0
    Uninstalling setuptools-65.5.0:
      Successfully uninstalled setuptools-65.5.0
  Attempting uninstall: pip
    Found existing installation: pip 24.0
    Uninstalling pip-24.0:
      Successfully uninstalled pip-24.0
Successfully installed pip-24.2 setuptools-75.1.0

(env) D:\Lecture\NewDjangoProject>python -m pip install django pillow
Collecting django
  Using cached Django-5.1.1-py3-none-any.whl.metadata (4.2 kB)
Collecting pillow
  Using cached pillow-10.4.0-cp311-cp311-win_amd64.whl.metadata (9.3 kB)
Collecting asgiref<4,>=3.8.1 (from django)
  Using cached asgiref-3.8.1-py3-none-any.whl.metadata (9.3 kB)
Collecting sqlparse>=0.3.1 (from django)
  Using cached sqlparse-0.5.1-py3-none-any.whl.metadata (3.9 kB)
Collecting tzdata (from django)
  Using cached tzdata-2024.1-py2.py3-none-any.whl.metadata (1.4 kB)
Using cached Django-5.1.1-py3-none-any.whl (8.2 MB)
Using cached pillow-10.4.0-cp311-cp311-win_amd64.whl (2.6 MB)
Using cached asgiref-3.8.1-py3-none-any.whl (23 kB)
Using cached sqlparse-0.5.1-py3-none-any.whl (44 kB)
Using cached tzdata-2024.1-py2.py3-none-any.whl (345 kB)
Installing collected packages: tzdata, sqlparse, pillow, asgiref, django
Successfully installed asgiref-3.8.1 django-5.1.1 pillow-10.4.0 sqlparse-0.5.1 tzdata-2024.1

(env) D:\Lecture\NewDjangoProject>django-admin startproject college_digitalisation

(env) D:\Lecture\NewDjangoProject>django-admin startproject college_digitalization

(env) D:\Lecture\NewDjangoProject>cd college_digitalization

(env) D:\Lecture\NewDjangoProject\college_digitalization>python manage.py runserver
Watching for file changes with StatReloader
Performing system checks...

System check identified no issues (0 silenced).

You have 18 unapplied migration(s). Your project may not work properly until you apply the migrations for app(s): admin, auth, contenttypes, sessions.
Run 'python manage.py migrate' to apply them.
September 20, 2024 - 22:01:05
Django version 5.1.1, using settings 'college_digitalization.settings'
Starting development server at http://127.0.0.1:8000/
Quit the server with CTRL-BREAK.

[20/Sep/2024 22:01:59] "GET / HTTP/1.1" 200 12068
Not Found: /favicon.ico
[20/Sep/2024 22:02:00] "GET /favicon.ico HTTP/1.1" 404 2224

(env) D:\Lecture\NewDjangoProject\college_digitalization>python manage.py runserver 0.0.0.0:8000
Watching for file changes with StatReloader
Performing system checks...

System check identified no issues (0 silenced).

You have 18 unapplied migration(s). Your project may not work properly until you apply the migrations for app(s): admin, auth, contenttypes, sessions.
Run 'python manage.py migrate' to apply them.
September 20, 2024 - 22:02:47
Django version 5.1.1, using settings 'college_digitalization.settings'
Starting development server at http://0.0.0.0:8000/
Quit the server with CTRL-BREAK.

Invalid HTTP_HOST header: '192.168.43.161:8000'. You may need to add '192.168.43.161' to ALLOWED_HOSTS.
Traceback (most recent call last):
  File "D:\Lecture\NewDjangoProject\env\Lib\site-packages\django\core\handlers\exception.py", line 55, in inner
    response = get_response(request)
               ^^^^^^^^^^^^^^^^^^^^^
  File "D:\Lecture\NewDjangoProject\env\Lib\site-packages\django\utils\deprecation.py", line 128, in __call__
    response = self.process_request(request)
               ^^^^^^^^^^^^^^^^^^^^^^^^^^^^^
  File "D:\Lecture\NewDjangoProject\env\Lib\site-packages\django\middleware\common.py", line 48, in process_request
    host = request.get_host()
           ^^^^^^^^^^^^^^^^^^
  File "D:\Lecture\NewDjangoProject\env\Lib\site-packages\django\http\request.py", line 151, in get_host
    raise DisallowedHost(msg)
django.core.exceptions.DisallowedHost: Invalid HTTP_HOST header: '192.168.43.161:8000'. You may need to add '192.168.43.161'to ALLOWED_HOSTS.
Bad Request: /
[20/Sep/2024 22:03:42] "GET / HTTP/1.1" 400 66198
Invalid HTTP_HOST header: '192.168.43.161:8000'. You may need to add '192.168.43.161' to ALLOWED_HOSTS.
Traceback (most recent call last):
  File "D:\Lecture\NewDjangoProject\env\Lib\site-packages\django\core\handlers\exception.py", line 55, in inner
    response = get_response(request)
               ^^^^^^^^^^^^^^^^^^^^^
  File "D:\Lecture\NewDjangoProject\env\Lib\site-packages\django\utils\deprecation.py", line 128, in __call__
    response = self.process_request(request)
               ^^^^^^^^^^^^^^^^^^^^^^^^^^^^^
  File "D:\Lecture\NewDjangoProject\env\Lib\site-packages\django\middleware\common.py", line 48, in process_request
    host = request.get_host()
           ^^^^^^^^^^^^^^^^^^
  File "D:\Lecture\NewDjangoProject\env\Lib\site-packages\django\http\request.py", line 151, in get_host
    raise DisallowedHost(msg)
django.core.exceptions.DisallowedHost: Invalid HTTP_HOST header: '192.168.43.161:8000'. You may need to add '192.168.43.161'to ALLOWED_HOSTS.
Bad Request: /favicon.ico
[20/Sep/2024 22:03:42] "GET /favicon.ico HTTP/1.1" 400 66256
D:\Lecture\NewDjangoProject\college_digitalization\college_digitalization\settings.py changed, reloading.
Watching for file changes with StatReloader
Performing system checks...

System check identified no issues (0 silenced).

You have 18 unapplied migration(s). Your project may not work properly until you apply the migrations for app(s): admin, auth, contenttypes, sessions.
Run 'python manage.py migrate' to apply them.
September 20, 2024 - 22:08:17
Django version 5.1.1, using settings 'college_digitalization.settings'
Starting development server at http://0.0.0.0:8000/
Quit the server with CTRL-BREAK.

[20/Sep/2024 22:08:53] "GET / HTTP/1.1" 200 12068
Not Found: /favicon.ico
[20/Sep/2024 22:08:53] "GET /favicon.ico HTTP/1.1" 404 2229

(env) D:\Lecture\NewDjangoProject\college_digitalization>python manage.py runserver
Watching for file changes with StatReloader
Performing system checks...

System check identified no issues (0 silenced).

You have 18 unapplied migration(s). Your project may not work properly until you apply the migrations for app(s): admin, auth, contenttypes, sessions.
Run 'python manage.py migrate' to apply them.
September 20, 2024 - 22:09:11
Django version 5.1.1, using settings 'college_digitalization.settings'
Starting development server at http://127.0.0.1:8000/
Quit the server with CTRL-BREAK.

[20/Sep/2024 22:09:19] "GET / HTTP/1.1" 200 12068

(env) D:\Lecture\NewDjangoProject\college_digitalization>python manage.py runserver 0.0.0.0:8000
Watching for file changes with StatReloader
Performing system checks...

System check identified no issues (0 silenced).

You have 18 unapplied migration(s). Your project may not work properly until you apply the migrations for app(s): admin, auth, contenttypes, sessions.
Run 'python manage.py migrate' to apply them.
September 20, 2024 - 22:10:46
Django version 5.1.1, using settings 'college_digitalization.settings'
Starting development server at http://0.0.0.0:8000/
Quit the server with CTRL-BREAK.


(env) D:\Lecture\NewDjangoProject\college_digitalization>python manage.py makemigrations
No changes detected

(env) D:\Lecture\NewDjangoProject\college_digitalization>python manage.py migrate
Operations to perform:
  Apply all migrations: admin, auth, contenttypes, sessions
Running migrations:
  Applying contenttypes.0001_initial... OK
  Applying auth.0001_initial... OK
  Applying admin.0001_initial... OK
  Applying admin.0002_logentry_remove_auto_add... OK
  Applying admin.0003_logentry_add_action_flag_choices... OK
  Applying contenttypes.0002_remove_content_type_name... OK
  Applying auth.0002_alter_permission_name_max_length... OK
  Applying auth.0003_alter_user_email_max_length... OK
  Applying auth.0004_alter_user_username_opts... OK
  Applying auth.0005_alter_user_last_login_null... OK
  Applying auth.0006_require_contenttypes_0002... OK
  Applying auth.0007_alter_validators_add_error_messages... OK
  Applying auth.0008_alter_user_username_max_length... OK
  Applying auth.0009_alter_user_last_name_max_length... OK
  Applying auth.0010_alter_group_name_max_length... OK
  Applying auth.0011_update_proxy_permissions... OK
  Applying auth.0012_alter_user_first_name_max_length... OK
  Applying sessions.0001_initial... OK

(env) D:\Lecture\NewDjangoProject\college_digitalization>
(env) D:\Lecture\NewDjangoProject\college_digitalization>
(env) D:\Lecture\NewDjangoProject\college_digitalization>
(env) D:\Lecture\NewDjangoProject\college_digitalization>python manage.py runserver 0.0.0.0:8000
Watching for file changes with StatReloader
Performing system checks...

System check identified no issues (0 silenced).
September 20, 2024 - 22:11:42
Django version 5.1.1, using settings 'college_digitalization.settings'
Starting development server at http://0.0.0.0:8000/
Quit the server with CTRL-BREAK.


(env) D:\Lecture\NewDjangoProject\college_digitalization>python manage.py startapp home

(env) D:\Lecture\NewDjangoProject\college_digitalization>python manage.py runserver 0.0.0.0:8000
Watching for file changes with StatReloader
Performing system checks...

System check identified no issues (0 silenced).
September 20, 2024 - 22:14:36
Django version 5.1.1, using settings 'college_digitalization.settings'
Starting development server at http://0.0.0.0:8000/
Quit the server with CTRL-BREAK.

[20/Sep/2024 22:15:55] "GET / HTTP/1.1" 200 12068

(env) D:\Lecture\NewDjangoProject\college_digitalization>
